Microsoft (R) Macro Assembler Version 5.00                  5/12/21 21:59:13
                                                             Page     1-1


				DISP MACRO MSG 
				MOV AH,09H 
				MOV DX, OFFSET MSG 
				INT 21H 
				ENDM 
 0000				DATA SEGMENT 
 0000  49 4E 50 55 54		PWD DB 'INPUT' 
 = 0005				PWD_LEN EQU ($-PWD) 
 0005  49 4E 50 55 54		INPUT DB 'INPUT' 
 = 0005				INPUT_LEN EQU ($-INPUT) 
 000A  50 61 73 73 77 6F 72	CORRECT DB 'Password is Correct$' 
       64 20 69 73 20 43 6F	
       72 72 65 63 74 24	
 001E  50 61 73 73 77 6F 72	INCORRECT DB 'Password iS Incorrect$' 
       64 20 69 53 20 49 6E	
       63 6F 72 72 65 63 74	
       24			
 0034				DATA ENDS 
 0000				CODE SEGMENT 
				ASSUME CS:CODE, DS:DATA, ES:DATA 
 0000  B8 ---- R		START: MOV AX, DATA 
 0003  8E D8			MOV DS, AX 
 0005  8E C0			MOV ES, AX 
 0007  B8 0005			MOV AX, PWD_LEN 
 000A  3D 0005			CMP AX, INPUT_LEN 
 000D  75 1A			JNZ L1  
 000F  8D 36 0000 R		LEA SI, PWD 
 0013  8D 3E 0005 R		LEA DI, INPUT 
 0017  B9 0005			MOV CX, PWD_LEN 
 001A  FC			CLD 
 001B  F3/ A6			REPE CMPSB 
 001D  75 0A			JNZ L1 
				DISP CORRECT 
 001F  B4 09                 1	MOV AH,09H 
 0021  BA 000A R             1	MOV DX, OFFSET CORRECT 
 0024  CD 21                 1	INT 21H 
 0026  EB 08 90			JMP L2 
 0029				L1: DISP INCORRECT 
 0029  B4 09                 1	MOV AH,09H 
 002B  BA 001E R             1	MOV DX, OFFSET INCORRECT 
 002E  CD 21                 1	INT 21H 
 0030  B4 4C			L2: MOV AH,4CH 
 0032  CD 21			INT 21H 
 0034				CODE ENDS 
				END START 

Microsoft (R) Macro Assembler Version 5.00                  5/12/21 21:59:13
                                                             Symbols-1


Macros:

		N a m e			Lines

DISP . . . . . . . . . . . . . .  	   3

Segments and Groups:

                N a m e         	Length	 Align	Combine Class

CODE . . . . . . . . . . . . . .  	0034	PARA	NONE	
DATA . . . . . . . . . . . . . .  	0034	PARA	NONE	

Symbols:            

                N a m e         	Type	 Value	 Attr

CORRECT  . . . . . . . . . . . .  	L BYTE	000A	DATA

INCORRECT  . . . . . . . . . . .  	L BYTE	001E	DATA
INPUT  . . . . . . . . . . . . .  	L BYTE	0005	DATA
INPUT_LEN  . . . . . . . . . . .  	NUMBER	0005	

L1 . . . . . . . . . . . . . . .  	L NEAR	0029	CODE
L2 . . . . . . . . . . . . . . .  	L NEAR	0030	CODE

PWD  . . . . . . . . . . . . . .  	L BYTE	0000	DATA
PWD_LEN  . . . . . . . . . . . .  	NUMBER	0005	

START  . . . . . . . . . . . . .  	L NEAR	0000	CODE

@FILENAME  . . . . . . . . . . .  	TEXT  password		


     34 Source  Lines
     40 Total   Lines
     14 Symbols

  51070 + 465474 Bytes symbol space free

      0 Warning Errors
      0 Severe  Errors
